[2026-09-24 11:08:09,595] [ERROR] django.security.DisallowedHost log:253 — Invalid HTTP_HOST header: 'sharply-wriggly-curvy.ngrok-free.dev'. You may need to add 'sharply-wriggly-curvy.ngrok-free.dev' to ALLOWED_HOSTS.
Traceback (most recent call last):
  File "C:\Users\milan\OneDrive\Documents\MyProjects\StockPass\.venv\Lib\site-packages\asgiref\sync.py", line 577, in thread_handler
    raise exc_info[1]
  File "C:\Users\milan\OneDrive\Documents\MyProjects\StockPass\.venv\Lib\site-packages\django\core\handlers\exception.py", line 42, in inner
    response = await get_response(request)
               ^^^^^^^^^^^^^^^^^^^^^^^^^^^
  File "C:\Users\milan\OneDrive\Documents\MyProjects\StockPass\.venv\Lib\site-packages\django\utils\deprecation.py", line 132, in __acall__
    response = await sync_to_async(
               ^^^^^^^^^^^^^^^^^^^^
  File "C:\Users\milan\OneDrive\Documents\MyProjects\StockPass\.venv\Lib\site-packages\asgiref\sync.py", line 526, in __call__
    ret = await asyncio.shield(exec_coro)
          ^^^^^^^^^^^^^^^^^^^^^^^^^^^^^^^
  File "C:\Users\milan\AppData\Local\Programs\Python\Python311\Lib\concurrent\futures\thread.py", line 58, in run
    result = self.fn(*self.args, **self.kwargs)
             ^^^^^^^^^^^^^^^^^^^^^^^^^^^^^^^^^^
  File "C:\Users\milan\OneDrive\Documents\MyProjects\StockPass\.venv\Lib\site-packages\asgiref\sync.py", line 581, in thread_handler
    return func(*args, **kwargs)
           ^^^^^^^^^^^^^^^^^^^^^
  File "C:\Users\milan\OneDrive\Documents\MyProjects\StockPass\.venv\Lib\site-packages\asgiref\sync.py", line 508, in func
    return context.run(run_child)
           ^^^^^^^^^^^^^^^^^^^^^^
  File "C:\Users\milan\OneDrive\Documents\MyProjects\StockPass\.venv\Lib\site-packages\asgiref\sync.py", line 506, in run_child
    return child()
           ^^^^^^^
  File "C:\Users\milan\OneDrive\Documents\MyProjects\StockPass\.venv\Lib\site-packages\django\middleware\common.py", line 48, in process_request
    host = request.get_host()
           ^^^^^^^^^^^^^^^^^^
  File "C:\Users\milan\OneDrive\Documents\MyProjects\StockPass\.venv\Lib\site-packages\django\http\request.py", line 203, in get_host
    raise DisallowedHost(msg)
django.core.exceptions.DisallowedHost: Invalid HTTP_HOST header: 'sharply-wriggly-curvy.ngrok-free.dev'. You may need to add 'sharply-wriggly-curvy.ngrok-free.dev' to ALLOWED_HOSTS.
[2026-09-24 11:08:10,419] [ERROR] django.security.DisallowedHost log:253 — Invalid HTTP_HOST header: 'sharply-wriggly-curvy.ngrok-free.dev'. You may need to add 'sharply-wriggly-curvy.ngrok-free.dev' to ALLOWED_HOSTS.
Traceback (most recent call last):
  File "C:\Users\milan\OneDrive\Documents\MyProjects\StockPass\.venv\Lib\site-packages\asgiref\sync.py", line 577, in thread_handler
    raise exc_info[1]
  File "C:\Users\milan\OneDrive\Documents\MyProjects\StockPass\.venv\Lib\site-packages\django\core\handlers\exception.py", line 42, in inner
    response = await get_response(request)
               ^^^^^^^^^^^^^^^^^^^^^^^^^^^
  File "C:\Users\milan\OneDrive\Documents\MyProjects\StockPass\.venv\Lib\site-packages\django\utils\deprecation.py", line 132, in __acall__
    response = await sync_to_async(
               ^^^^^^^^^^^^^^^^^^^^
  File "C:\Users\milan\OneDrive\Documents\MyProjects\StockPass\.venv\Lib\site-packages\asgiref\sync.py", line 526, in __call__
    ret = await asyncio.shield(exec_coro)
          ^^^^^^^^^^^^^^^^^^^^^^^^^^^^^^^
  File "C:\Users\milan\AppData\Local\Programs\Python\Python311\Lib\concurrent\futures\thread.py", line 58, in run
    result = self.fn(*self.args, **self.kwargs)
             ^^^^^^^^^^^^^^^^^^^^^^^^^^^^^^^^^^
  File "C:\Users\milan\OneDrive\Documents\MyProjects\StockPass\.venv\Lib\site-packages\asgiref\sync.py", line 581, in thread_handler
    return func(*args, **kwargs)
           ^^^^^^^^^^^^^^^^^^^^^
  File "C:\Users\milan\OneDrive\Documents\MyProjects\StockPass\.venv\Lib\site-packages\asgiref\sync.py", line 508, in func
    return context.run(run_child)
           ^^^^^^^^^^^^^^^^^^^^^^
  File "C:\Users\milan\OneDrive\Documents\MyProjects\StockPass\.venv\Lib\site-packages\asgiref\sync.py", line 506, in run_child
    return child()
           ^^^^^^^
  File "C:\Users\milan\OneDrive\Documents\MyProjects\StockPass\.venv\Lib\site-packages\django\middleware\common.py", line 48, in process_request
    host = request.get_host()
           ^^^^^^^^^^^^^^^^^^
  File "C:\Users\milan\OneDrive\Documents\MyProjects\StockPass\.venv\Lib\site-packages\django\http\request.py", line 203, in get_host
    raise DisallowedHost(msg)
django.core.exceptions.DisallowedHost: Invalid HTTP_HOST header: 'sharply-wriggly-curvy.ngrok-free.dev'. You may need to add 'sharply-wriggly-curvy.ngrok-free.dev' to ALLOWED_HOSTS.
[2026-09-24 11:08:18,633] [ERROR] django.security.DisallowedHost log:253 — Invalid HTTP_HOST header: 'sharply-wriggly-curvy.ngrok-free.dev'. You may need to add 'sharply-wriggly-curvy.ngrok-free.dev' to ALLOWED_HOSTS.
Traceback (most recent call last):
  File "C:\Users\milan\OneDrive\Documents\MyProjects\StockPass\.venv\Lib\site-packages\asgiref\sync.py", line 577, in thread_handler
    raise exc_info[1]
  File "C:\Users\milan\OneDrive\Documents\MyProjects\StockPass\.venv\Lib\site-packages\django\core\handlers\exception.py", line 42, in inner
    response = await get_response(request)
               ^^^^^^^^^^^^^^^^^^^^^^^^^^^
  File "C:\Users\milan\OneDrive\Documents\MyProjects\StockPass\.venv\Lib\site-packages\django\utils\deprecation.py", line 132, in __acall__
    response = await sync_to_async(
               ^^^^^^^^^^^^^^^^^^^^
  File "C:\Users\milan\OneDrive\Documents\MyProjects\StockPass\.venv\Lib\site-packages\asgiref\sync.py", line 526, in __call__
    ret = await asyncio.shield(exec_coro)
          ^^^^^^^^^^^^^^^^^^^^^^^^^^^^^^^
  File "C:\Users\milan\AppData\Local\Programs\Python\Python311\Lib\concurrent\futures\thread.py", line 58, in run
    result = self.fn(*self.args, **self.kwargs)
             ^^^^^^^^^^^^^^^^^^^^^^^^^^^^^^^^^^
  File "C:\Users\milan\OneDrive\Documents\MyProjects\StockPass\.venv\Lib\site-packages\asgiref\sync.py", line 581, in thread_handler
    return func(*args, **kwargs)
           ^^^^^^^^^^^^^^^^^^^^^
  File "C:\Users\milan\OneDrive\Documents\MyProjects\StockPass\.venv\Lib\site-packages\asgiref\sync.py", line 508, in func
    return context.run(run_child)
           ^^^^^^^^^^^^^^^^^^^^^^
  File "C:\Users\milan\OneDrive\Documents\MyProjects\StockPass\.venv\Lib\site-packages\asgiref\sync.py", line 506, in run_child
    return child()
           ^^^^^^^
  File "C:\Users\milan\OneDrive\Documents\MyProjects\StockPass\.venv\Lib\site-packages\django\middleware\common.py", line 48, in process_request
    host = request.get_host()
           ^^^^^^^^^^^^^^^^^^
  File "C:\Users\milan\OneDrive\Documents\MyProjects\StockPass\.venv\Lib\site-packages\django\http\request.py", line 203, in get_host
    raise DisallowedHost(msg)
django.core.exceptions.DisallowedHost: Invalid HTTP_HOST header: 'sharply-wriggly-curvy.ngrok-free.dev'. You may need to add 'sharply-wriggly-curvy.ngrok-free.dev' to ALLOWED_HOSTS.
[2026-09-24 11:08:19,307] [ERROR] django.security.DisallowedHost log:253 — Invalid HTTP_HOST header: 'sharply-wriggly-curvy.ngrok-free.dev'. You may need to add 'sharply-wriggly-curvy.ngrok-free.dev' to ALLOWED_HOSTS.
Traceback (most recent call last):
  File "C:\Users\milan\OneDrive\Documents\MyProjects\StockPass\.venv\Lib\site-packages\asgiref\sync.py", line 577, in thread_handler
    raise exc_info[1]
  File "C:\Users\milan\OneDrive\Documents\MyProjects\StockPass\.venv\Lib\site-packages\django\core\handlers\exception.py", line 42, in inner
    response = await get_response(request)
               ^^^^^^^^^^^^^^^^^^^^^^^^^^^
  File "C:\Users\milan\OneDrive\Documents\MyProjects\StockPass\.venv\Lib\site-packages\django\utils\deprecation.py", line 132, in __acall__
    response = await sync_to_async(
               ^^^^^^^^^^^^^^^^^^^^
  File "C:\Users\milan\OneDrive\Documents\MyProjects\StockPass\.venv\Lib\site-packages\asgiref\sync.py", line 526, in __call__
    ret = await asyncio.shield(exec_coro)
          ^^^^^^^^^^^^^^^^^^^^^^^^^^^^^^^
  File "C:\Users\milan\AppData\Local\Programs\Python\Python311\Lib\concurrent\futures\thread.py", line 58, in run
    result = self.fn(*self.args, **self.kwargs)
             ^^^^^^^^^^^^^^^^^^^^^^^^^^^^^^^^^^
  File "C:\Users\milan\OneDrive\Documents\MyProjects\StockPass\.venv\Lib\site-packages\asgiref\sync.py", line 581, in thread_handler
    return func(*args, **kwargs)
           ^^^^^^^^^^^^^^^^^^^^^
  File "C:\Users\milan\OneDrive\Documents\MyProjects\StockPass\.venv\Lib\site-packages\asgiref\sync.py", line 508, in func
    return context.run(run_child)
           ^^^^^^^^^^^^^^^^^^^^^^
  File "C:\Users\milan\OneDrive\Documents\MyProjects\StockPass\.venv\Lib\site-packages\asgiref\sync.py", line 506, in run_child
    return child()
           ^^^^^^^
  File "C:\Users\milan\OneDrive\Documents\MyProjects\StockPass\.venv\Lib\site-packages\django\middleware\common.py", line 48, in process_request
    host = request.get_host()
           ^^^^^^^^^^^^^^^^^^
  File "C:\Users\milan\OneDrive\Documents\MyProjects\StockPass\.venv\Lib\site-packages\django\http\request.py", line 203, in get_host
    raise DisallowedHost(msg)
django.core.exceptions.DisallowedHost: Invalid HTTP_HOST header: 'sharply-wriggly-curvy.ngrok-free.dev'. You may need to add 'sharply-wriggly-curvy.ngrok-free.dev' to ALLOWED_HOSTS.
