[2026-09-22 19:54:08,779] [WARNING] django.request log:253 — Not Found: /api/
[2026-09-22 19:54:09,569] [WARNING] django.request log:253 — Not Found: /favicon.ico
[2026-09-22 19:54:15,675] [WARNING] django.request log:253 — Not Found: /static/admin/css/base.css
[2026-09-22 19:54:15,722] [WARNING] django.request log:253 — Not Found: /static/admin/css/dark_mode.css
[2026-09-22 19:54:15,723] [WARNING] django.request log:253 — Not Found: /static/admin/js/theme.js
[2026-09-22 19:54:15,779] [WARNING] django.request log:253 — Not Found: /static/admin/css/nav_sidebar.css
[2026-09-22 19:54:15,779] [WARNING] django.request log:253 — Not Found: /static/admin/css/responsive.css
[2026-09-22 19:54:15,780] [WARNING] django.request log:253 — Not Found: /static/admin/css/login.css
[2026-09-22 19:54:15,834] [WARNING] django.request log:253 — Not Found: /static/admin/js/nav_sidebar.js
[2026-09-22 19:54:27,554] [WARNING] django.request log:253 — Not Found: /static/admin/css/base.css
[2026-09-22 19:54:27,593] [WARNING] django.request log:253 — Not Found: /static/admin/css/dark_mode.css
[2026-09-22 19:54:27,593] [WARNING] django.request log:253 — Not Found: /static/admin/js/theme.js
[2026-09-22 19:54:27,643] [WARNING] django.request log:253 — Not Found: /static/admin/css/nav_sidebar.css
[2026-09-22 19:54:27,645] [WARNING] django.request log:253 — Not Found: /static/admin/css/login.css
[2026-09-22 19:54:27,645] [WARNING] django.request log:253 — Not Found: /static/admin/css/responsive.css
[2026-09-22 19:54:27,732] [WARNING] django.request log:253 — Not Found: /static/admin/js/nav_sidebar.js
[2026-09-22 20:05:00,008] [WARNING] django.request log:253 — Not Found: /static/admin/css/responsive.css
[2026-09-22 20:14:48,232] [WARNING] django.request log:253 — Method Not Allowed: /api/auth/login
[2026-09-22 20:15:00,560] [WARNING] django.request log:253 — Not Found: /api/auth/login/
[2026-09-22 20:16:39,245] [WARNING] django.request log:253 — Not Found: //auth/login
[2026-09-22 20:17:00,268] [WARNING] django.request log:253 — Not Found: //auth/login
[2026-09-22 20:17:05,401] [WARNING] django.request log:253 — Not Found: /auth/login
[2026-09-22 20:17:16,671] [WARNING] django.request log:253 — Not Found: /auth/login
[2026-09-22 20:17:33,734] [WARNING] django.request log:253 — Not Found: /auth/login/
[2026-09-22 20:17:49,852] [WARNING] django.request log:253 — Not Found: /auth/login/
[2026-09-22 20:17:56,393] [WARNING] django.request log:253 — Not Found: /auth/login/
[2026-09-22 20:18:11,852] [WARNING] django.request log:253 — Not Found: /api/auth/login/
[2026-09-22 20:32:37,139] [WARNING] django.security.csrf log:253 — Forbidden (CSRF token missing.): /api/users/
[2026-09-22 20:32:37,139] [WARNING] django.request log:253 — Forbidden: /api/users/
[2026-09-22 20:33:21,871] [WARNING] django.security.csrf log:253 — Forbidden (CSRF token missing.): /api/users/
[2026-09-22 20:33:21,876] [WARNING] django.request log:253 — Forbidden: /api/users/
[2026-09-22 20:36:52,668] [WARNING] django.security.csrf log:253 — Forbidden (CSRF token missing.): /api/users/
[2026-09-22 20:36:52,675] [WARNING] django.request log:253 — Forbidden: /api/users/
[2026-09-22 20:38:02,691] [WARNING] django.security.csrf log:253 — Forbidden (CSRF token from the 'X-Csrftoken' HTTP header incorrect.): /api/users/
[2026-09-22 20:38:02,694] [WARNING] django.request log:253 — Forbidden: /api/users/
[2026-09-22 21:01:00,057] [WARNING] django.request log:253 — Not Found: /users/2
[2026-09-22 21:01:25,013] [WARNING] django.request log:253 — Not Found: /apiusers/2
[2026-09-22 23:18:39,194] [ERROR] django errors:131 — Schema for status 401 is not set in response dict_keys([200])
Traceback (most recent call last):
  File "C:\Users\milan\OneDrive\Documents\MyProjects\StockPass\.venv\Lib\site-packages\ninja\operation.py", line 232, in run
    return self._result_to_response(request, result, temporal_response)
           ^^^^^^^^^^^^^^^^^^^^^^^^^^^^^^^^^^^^^^^^^^^^^^^^^^^^^^^^^^^^
  File "C:\Users\milan\OneDrive\Documents\MyProjects\StockPass\.venv\Lib\site-packages\ninja\operation.py", line 401, in _result_to_response
    raise ConfigError(
ninja.errors.ConfigError: Schema for status 401 is not set in response dict_keys([200])
[2026-09-22 23:18:39,230] [ERROR] django.request log:253 — Internal Server Error: /api/auth/refresh
[2026-09-22 23:22:49,169] [WARNING] django.request log:253 — Unauthorized: /api/auth/me
[2026-09-22 23:23:00,060] [WARNING] django.request log:253 — Unauthorized: /api/auth/me
[2026-09-22 23:25:48,916] [WARNING] django.request log:253 — Unauthorized: /api/auth/logout
[2026-09-22 23:26:24,438] [WARNING] django.request log:253 — Unauthorized: /api/auth/logout
[2026-09-22 23:26:43,627] [WARNING] django.request log:253 — Unauthorized: /api/auth/logout
[2026-09-22 23:27:28,311] [WARNING] django.request log:253 — Unauthorized: /api/users/
[2026-09-22 23:30:33,049] [WARNING] django.request log:253 — Unauthorized: /api/users/
